# /usr/cbs/bio/src/netCTL-1.2a/IRIX64_IP35/bin/netCTL test/test.fsa
# Thu Mar  6 15:15:14 2008
# User: mniel
# PWD : /usr/cbs/bio/src/netCTL-1.2a
# Host: IRIX64 organism 6.5 IP35
# Command line parameters set to:
#	[-v]                 0                    Verbose mode
#	[-c filename]        do_clecmd.epipred    Cleavage prediction code
#	[-t filename]        do_tapmat1-9.endert  Tap prediciton code
#	[-l filename]        /usr/cbs/bio/src/netCTL-1.2a/IRIX64_IP35/lib/ Library directory
#	[-m filename]        /usr/cbs/bio/src/netCTL-1.2a/IRIX64_IP35/lib/data/method.list.CTL Method list file
#	[-wt float]          0.050000             Weight of tap
#	[-we float]          1.000000             Weight of MHC
#	[-wc float]          0.150000             Weight of Clevage
#	[-dirty]             0                    Dirty mode
#	[-tdir filename]     /scratch             Temporary directory (Default $$)
#	[-bdir filename]     /usr/cbs/bio/src/netCTL-1.2a/IRIX64_IP35/bin/ Binary directory
#	[-nihbin filename]   /usr/cbs/bio/src/netCTL-1.2a/IRIX64_IP35/bin/nihpred_netCTL NIHpred binary
#	[-nihlib filename]   /usr/cbs/bio/src/netCTL-1.2a/IRIX64_IP35/data NIH lib
#	[-s filename]        A1                   Supertype
#	[-sort int]          -1                   Sort output on score: 0 [comb], 1 [MHC], 2 [Cle], 3 [TAP] <0 No sort
#	[-thr float]         0.750000             Threshold for identifying epitopes
#	[-longid]            0                    Print long sequence id [Default is short]
#	[-w]                 0                    w option for webface
#	[-f filename]                             File name with input
NetCTL-1.2 predictions using MHC supertype A1. Threshold 0.750000

   1 ID gi|33331470| pep MAGRSGDND aff   0.0590 aff_rescale   0.2504 cle 0.0229 tap  -1.8810 COMB   0.1597 
   2 ID gi|33331470| pep AGRSGDNDE aff   0.0476 aff_rescale   0.2022 cle 0.0249 tap  -1.6030 COMB   0.1258 
   3 ID gi|33331470| pep GRSGDNDEE aff   0.0472 aff_rescale   0.2004 cle 0.0338 tap  -1.3880 COMB   0.1361 
   4 ID gi|33331470| pep RSGDNDEEL aff   0.0807 aff_rescale   0.3428 cle 0.5506 tap   1.0460 COMB   0.4777 
   5 ID gi|33331470| pep SGDNDEELL aff   0.0624 aff_rescale   0.2650 cle 0.5550 tap   0.6970 COMB   0.3831 
   6 ID gi|33331470| pep GDNDEELLK aff   0.0539 aff_rescale   0.2290 cle 0.2268 tap  -0.0620 COMB   0.2599 
   7 ID gi|33331470| pep DNDEELLKA aff   0.0595 aff_rescale   0.2527 cle 0.0393 tap  -1.2100 COMB   0.1981 
   8 ID gi|33331470| pep NDEELLKAV aff   0.0484 aff_rescale   0.2055 cle 0.0877 tap  -0.2390 COMB   0.2067 
   9 ID gi|33331470| pep DEELLKAVR aff   0.0469 aff_rescale   0.1991 cle 0.0384 tap   1.0300 COMB   0.2563 
  10 ID gi|33331470| pep EELLKAVRI aff   0.0539 aff_rescale   0.2289 cle 0.0716 tap   0.0740 COMB   0.2433 
  11 ID gi|33331470| pep ELLKAVRII aff   0.0597 aff_rescale   0.2535 cle 0.5830 tap   0.2010 COMB   0.3510 
  12 ID gi|33331470| pep LLKAVRIIK aff   0.0615 aff_rescale   0.2610 cle 0.4236 tap   0.3190 COMB   0.3405 
  13 ID gi|33331470| pep LKAVRIIKI aff   0.0614 aff_rescale   0.2606 cle 0.8028 tap   0.6530 COMB   0.4137 
  14 ID gi|33331470| pep KAVRIIKIL aff   0.0554 aff_rescale   0.2354 cle 0.9395 tap   1.2400 COMB   0.4383 
  15 ID gi|33331470| pep AVRIIKILY aff   0.1170 aff_rescale   0.4966 cle 0.9739 tap   3.3570 COMB   0.8105 <-E
  16 ID gi|33331470| pep VRIIKILYK aff   0.0600 aff_rescale   0.2547 cle 0.9653 tap   0.9560 COMB   0.4473 
  17 ID gi|33331470| pep RIIKILYKS aff   0.0629 aff_rescale   0.2669 cle 0.1451 tap  -1.7570 COMB   0.2009 
  18 ID gi|33331470| pep IIKILYKSN aff   0.0451 aff_rescale   0.1916 cle 0.0321 tap  -1.0340 COMB   0.1447 
  19 ID gi|33331470| pep IKILYKSNP aff   0.0523 aff_rescale   0.2222 cle 0.0281 tap   0.2550 COMB   0.2391 
  20 ID gi|33331470| pep KILYKSNPY aff   0.0892 aff_rescale   0.3787 cle 0.9327 tap   3.1870 COMB   0.6780 
  21 ID gi|33331470| pep ILYKSNPYP aff   0.0580 aff_rescale   0.2461 cle 0.1592 tap   0.4350 COMB   0.2917 
  22 ID gi|33331470| pep LYKSNPYPE aff   0.0397 aff_rescale   0.1685 cle 0.0362 tap  -1.2900 COMB   0.1095 
  23 ID gi|33331470| pep YKSNPYPEP aff   0.0670 aff_rescale   0.2844 cle 0.1727 tap   0.1780 COMB   0.3192 
  24 ID gi|33331470| pep KSNPYPEPK aff   0.0691 aff_rescale   0.2935 cle 0.8428 tap   0.4660 COMB   0.4433 
  25 ID gi|33331470| pep SNPYPEPKG aff   0.0471 aff_rescale   0.2001 cle 0.0507 tap  -1.4090 COMB   0.1373 
  26 ID gi|33331470| pep NPYPEPKGS aff   0.0432 aff_rescale   0.1834 cle 0.0953 tap  -2.2720 COMB   0.0841 
  27 ID gi|33331470| pep PYPEPKGSR aff   0.0416 aff_rescale   0.1766 cle 0.9319 tap   1.3950 COMB   0.3862 
  28 ID gi|33331470| pep YPEPKGSRQ aff   0.0588 aff_rescale   0.2498 cle 0.5084 tap  -0.7190 COMB   0.2902 
  29 ID gi|33331470| pep PEPKGSRQA aff   0.0471 aff_rescale   0.2000 cle 0.3425 tap  -1.2180 COMB   0.1904 
  30 ID gi|33331470| pep EPKGSRQAR aff   0.0433 aff_rescale   0.1840 cle 0.7574 tap   0.8290 COMB   0.3391 
  31 ID gi|33331470| pep PKGSRQARK aff   0.0537 aff_rescale   0.2279 cle 0.4638 tap  -0.2960 COMB   0.2827 
  32 ID gi|33331470| pep KGSRQARKN aff   0.0511 aff_rescale   0.2171 cle 0.0328 tap  -1.6240 COMB   0.1409 
  33 ID gi|33331470| pep GSRQARKNR aff   0.0448 aff_rescale   0.1902 cle 0.0635 tap   1.4960 COMB   0.2745 
  34 ID gi|33331470| pep SRQARKNRR aff   0.0544 aff_rescale   0.2310 cle 0.6183 tap   1.6820 COMB   0.4078 
  35 ID gi|33331470| pep RQARKNRRR aff   0.0567 aff_rescale   0.2406 cle 0.0682 tap   1.8750 COMB   0.3446 
  36 ID gi|33331470| pep QARKNRRRR aff   0.0528 aff_rescale   0.2243 cle 0.1071 tap   1.7310 COMB   0.3269 
  37 ID gi|33331470| pep ARKNRRRRW aff   0.0435 aff_rescale   0.1849 cle 0.9432 tap   1.1840 COMB   0.3856 
  38 ID gi|33331470| pep RKNRRRRWR aff   0.0506 aff_rescale   0.2149 cle 0.0573 tap   1.8380 COMB   0.3154 
  39 ID gi|33331470| pep KNRRRRWRA aff   0.0534 aff_rescale   0.2269 cle 0.2058 tap  -0.4000 COMB   0.2378 
  40 ID gi|33331470| pep NRRRRWRAR aff   0.0476 aff_rescale   0.2023 cle 0.4428 tap   1.8780 COMB   0.3626 
  41 ID gi|33331470| pep RRRRWRARQ aff   0.0518 aff_rescale   0.2200 cle 0.0560 tap   0.5350 COMB   0.2552 
  42 ID gi|33331470| pep RRRWRARQR aff   0.0502 aff_rescale   0.2132 cle 0.8885 tap   2.1160 COMB   0.4523 
  43 ID gi|33331470| pep RRWRARQRQ aff   0.0531 aff_rescale   0.2257 cle 0.0823 tap   0.6490 COMB   0.2705 
  44 ID gi|33331470| pep RWRARQRQI aff   0.0485 aff_rescale   0.2058 cle 0.0866 tap   1.2060 COMB   0.2791 
  45 ID gi|33331470| pep WRARQRQID aff   0.0541 aff_rescale   0.2298 cle 0.0494 tap  -1.4870 COMB   0.1629 
  46 ID gi|33331470| pep RARQRQIDS aff   0.0564 aff_rescale   0.2395 cle 0.0244 tap  -1.9560 COMB   0.1454 
  47 ID gi|33331470| pep ARQRQIDSI aff   0.0574 aff_rescale   0.2437 cle 0.6870 tap   0.9850 COMB   0.3960 
  48 ID gi|33331470| pep RQRQIDSIS aff   0.0526 aff_rescale   0.2235 cle 0.0261 tap  -1.7230 COMB   0.1413 
  49 ID gi|33331470| pep QRQIDSISE aff   0.0474 aff_rescale   0.2014 cle 0.0351 tap  -1.2460 COMB   0.1444 
  50 ID gi|33331470| pep RQIDSISER aff   0.0616 aff_rescale   0.2614 cle 0.7030 tap   1.8240 COMB   0.4580 
  51 ID gi|33331470| pep QIDSISERI aff   0.1174 aff_rescale   0.4986 cle 0.6128 tap   0.6320 COMB   0.6222 
  52 ID gi|33331470| pep IDSISERIL aff   0.0438 aff_rescale   0.1858 cle 0.4636 tap   0.6170 COMB   0.2862 
  53 ID gi|33331470| pep DSISERILS aff   0.0666 aff_rescale   0.2829 cle 0.0241 tap  -2.4430 COMB   0.1644 
  54 ID gi|33331470| pep SISERILST aff   0.0756 aff_rescale   0.3211 cle 0.6172 tap  -0.6670 COMB   0.3804 
  55 ID gi|33331470| pep ISERILSTY aff   0.4989 aff_rescale   2.1184 cle 0.9764 tap   2.8980 COMB   2.4098 <-E
  56 ID gi|33331470| pep SERILSTYL aff   0.0505 aff_rescale   0.2143 cle 0.9749 tap   0.9300 COMB   0.4071 
  57 ID gi|33331470| pep ERILSTYLG aff   0.0540 aff_rescale   0.2291 cle 0.3700 tap  -1.2700 COMB   0.2211 
  58 ID gi|33331470| pep RILSTYLGR aff   0.0622 aff_rescale   0.2642 cle 0.5060 tap   1.7080 COMB   0.4255 
  59 ID gi|33331470| pep ILSTYLGRS aff   0.0781 aff_rescale   0.3317 cle 0.0693 tap  -2.0750 COMB   0.2384 
  60 ID gi|33331470| pep LSTYLGRST aff   0.0563 aff_rescale   0.2389 cle 0.0413 tap  -0.6880 COMB   0.2107 
  61 ID gi|33331470| pep STYLGRSTE aff   0.0639 aff_rescale   0.2712 cle 0.1387 tap  -1.2990 COMB   0.2271 
  62 ID gi|33331470| pep TYLGRSTEP aff   0.0521 aff_rescale   0.2210 cle 0.2806 tap   0.4200 COMB   0.2841 
  63 ID gi|33331470| pep YLGRSTEPV aff   0.0840 aff_rescale   0.3566 cle 0.7923 tap   0.1610 COMB   0.4835 
  64 ID gi|33331470| pep LGRSTEPVP aff   0.0466 aff_rescale   0.1979 cle 0.0334 tap  -0.1610 COMB   0.1949 
  65 ID gi|33331470| pep GRSTEPVPL aff   0.0531 aff_rescale   0.2254 cle 0.9744 tap   1.0260 COMB   0.4228 
  66 ID gi|33331470| pep RSTEPVPLQ aff   0.0587 aff_rescale   0.2492 cle 0.1552 tap   0.1130 COMB   0.2782 
  67 ID gi|33331470| pep STEPVPLQL aff   0.2059 aff_rescale   0.8743 cle 0.9522 tap   0.9740 COMB   1.0658 <-E
  68 ID gi|33331470| pep TEPVPLQLP aff   0.0531 aff_rescale   0.2253 cle 0.0375 tap  -0.0130 COMB   0.2303 
  69 ID gi|33331470| pep EPVPLQLPP aff   0.0504 aff_rescale   0.2141 cle 0.2585 tap  -0.3160 COMB   0.2371 
  70 ID gi|33331470| pep PVPLQLPPL aff   0.0507 aff_rescale   0.2152 cle 0.9704 tap   0.4310 COMB   0.3823 
  71 ID gi|33331470| pep VPLQLPPLE aff   0.0474 aff_rescale   0.2014 cle 0.0659 tap  -1.9350 COMB   0.1146 
  72 ID gi|33331470| pep PLQLPPLER aff   0.0556 aff_rescale   0.2361 cle 0.8263 tap   1.0390 COMB   0.4120 
  73 ID gi|33331470| pep LQLPPLERL aff   0.0526 aff_rescale   0.2232 cle 0.9758 tap   0.9070 COMB   0.4149 
  74 ID gi|33331470| pep QLPPLERLH aff   0.0590 aff_rescale   0.2507 cle 0.2557 tap  -0.4700 COMB   0.2656 
  75 ID gi|33331470| pep LPPLERLHL aff   0.0548 aff_rescale   0.2329 cle 0.9767 tap   0.5900 COMB   0.4089 
  76 ID gi|33331470| pep PPLERLHLD aff   0.0474 aff_rescale   0.2010 cle 0.6501 tap  -2.5340 COMB   0.1719 
  77 ID gi|33331470| pep PLERLHLDC aff   0.0671 aff_rescale   0.2848 cle 0.0748 tap  -0.7350 COMB   0.2593 
  78 ID gi|33331470| pep LERLHLDCR aff   0.0473 aff_rescale   0.2006 cle 0.2842 tap   1.2570 COMB   0.3061 
  79 ID gi|33331470| pep ERLHLDCRE aff   0.0463 aff_rescale   0.1967 cle 0.0377 tap  -1.4970 COMB   0.1275 
  80 ID gi|33331470| pep RLHLDCRED aff   0.0532 aff_rescale   0.2261 cle 0.2008 tap  -1.6890 COMB   0.1718 
  81 ID gi|33331470| pep LHLDCREDC aff   0.0498 aff_rescale   0.2115 cle 0.0251 tap   0.1760 COMB   0.2241 
  82 ID gi|33331470| pep HLDCREDCG aff   0.0676 aff_rescale   0.2871 cle 0.0264 tap  -1.5950 COMB   0.2113 
  83 ID gi|33331470| pep LDCREDCGT aff   0.0541 aff_rescale   0.2299 cle 0.0301 tap  -1.0230 COMB   0.1833 
  84 ID gi|33331470| pep DCREDCGTS aff   0.0480 aff_rescale   0.2040 cle 0.0446 tap  -2.4440 COMB   0.0884 
  85 ID gi|33331470| pep CREDCGTSG aff   0.0541 aff_rescale   0.2296 cle 0.1167 tap  -1.5130 COMB   0.1715 
  86 ID gi|33331470| pep REDCGTSGT aff   0.0575 aff_rescale   0.2440 cle 0.3958 tap  -0.7800 COMB   0.2644 
  87 ID gi|33331470| pep EDCGTSGTQ aff   0.0518 aff_rescale   0.2200 cle 0.1557 tap  -0.4760 COMB   0.2196 
  88 ID gi|33331470| pep DCGTSGTQQ aff   0.0522 aff_rescale   0.2215 cle 0.0409 tap  -0.7310 COMB   0.1911 
  89 ID gi|33331470| pep CGTSGTQQS aff   0.0532 aff_rescale   0.2257 cle 0.0796 tap  -2.7280 COMB   0.1013 
  90 ID gi|33331470| pep GTSGTQQSQ aff   0.0640 aff_rescale   0.2718 cle 0.1103 tap  -0.3170 COMB   0.2725 
  91 ID gi|33331470| pep TSGTQQSQG aff   0.0659 aff_rescale   0.2799 cle 0.0515 tap  -1.5690 COMB   0.2092 
  92 ID gi|33331470| pep SGTQQSQGV aff   0.0565 aff_rescale   0.2401 cle 0.7852 tap   0.0750 COMB   0.3616 
  93 ID gi|33331470| pep GTQQSQGVE aff   0.0608 aff_rescale   0.2580 cle 0.0281 tap  -1.7440 COMB   0.1750 
  94 ID gi|33331470| pep TQQSQGVET aff   0.0616 aff_rescale   0.2616 cle 0.0385 tap  -0.7130 COMB   0.2317 
  95 ID gi|33331470| pep QQSQGVETG aff   0.0584 aff_rescale   0.2479 cle 0.0880 tap  -1.3010 COMB   0.1961 
  96 ID gi|33331470| pep QSQGVETGV aff   0.0755 aff_rescale   0.3205 cle 0.9102 tap   0.2870 COMB   0.4713 
  97 ID gi|33331470| pep SQGVETGVG aff   0.0557 aff_rescale   0.2366 cle 0.0281 tap  -1.4790 COMB   0.1669 
  98 ID gi|33331470| pep QGVETGVGR aff   0.0545 aff_rescale   0.2314 cle 0.0650 tap   1.3630 COMB   0.3093 
  99 ID gi|33331470| pep GVETGVGRP aff   0.0664 aff_rescale   0.2820 cle 0.3329 tap  -0.1290 COMB   0.3255 
 100 ID gi|33331470| pep VETGVGRPQ aff   0.0477 aff_rescale   0.2025 cle 0.0387 tap  -0.2450 COMB   0.1961 
 101 ID gi|33331470| pep ETGVGRPQI aff   0.0583 aff_rescale   0.2474 cle 0.3403 tap   0.1930 COMB   0.3081 
 102 ID gi|33331470| pep TGVGRPQIS aff   0.0491 aff_rescale   0.2086 cle 0.0303 tap  -2.6220 COMB   0.0820 
 103 ID gi|33331470| pep GVGRPQISV aff   0.0602 aff_rescale   0.2555 cle 0.9638 tap   0.1210 COMB   0.4061 
 104 ID gi|33331470| pep VGRPQISVE aff   0.0429 aff_rescale   0.1821 cle 0.0348 tap  -1.7510 COMB   0.0997 
 105 ID gi|33331470| pep GRPQISVES aff   0.0552 aff_rescale   0.2343 cle 0.1150 tap  -2.1860 COMB   0.1423 
 106 ID gi|33331470| pep RPQISVESP aff   0.0504 aff_rescale   0.2141 cle 0.0487 tap  -0.0180 COMB   0.2205 
 107 ID gi|33331470| pep PQISVESPV aff   0.0545 aff_rescale   0.2312 cle 0.3685 tap   0.1110 COMB   0.2921 
 108 ID gi|33331470| pep QISVESPVI aff   0.0609 aff_rescale   0.2586 cle 0.5393 tap   0.5270 COMB   0.3659 
 109 ID gi|33331470| pep ISVESPVIL aff   0.0598 aff_rescale   0.2540 cle 0.9236 tap   1.0470 COMB   0.4449 
 110 ID gi|33331470| pep SVESPVILG aff   0.0715 aff_rescale   0.3036 cle 0.3286 tap  -1.3390 COMB   0.2859 
 111 ID gi|33331470| pep VESPVILGS aff   0.0607 aff_rescale   0.2576 cle 0.2387 tap  -2.2690 COMB   0.1799 
 112 ID gi|33331470| pep ESPVILGSR aff   0.0572 aff_rescale   0.2431 cle 0.4671 tap   1.3530 COMB   0.3808 
 113 ID gi|33331470| pep SPVILGSRT aff   0.0529 aff_rescale   0.2244 cle 0.4614 tap  -1.0460 COMB   0.2413 
 114 ID gi|33331470| pep PVILGSRTK aff   0.0547 aff_rescale   0.2322 cle 0.9583 tap   0.2460 COMB   0.3882 
 115 ID gi|33331470| pep VILGSRTKN aff   0.0551 aff_rescale   0.2341 cle 0.1774 tap  -1.2520 COMB   0.1981 

----------------------------

Number of MHC ligands 3 identified. Number of peptides 115. Protein name gi|33331470|

----------------------------
